original data: players 1 day 1 week 1 month 1 current 0 names 42d6e741 state 756d5dac
map AES31000.MAP: towns 5 castles 4 mines 18 obelisks 8 extras 18 state be655e44
map BEM20234.MAP: towns 12 castles 4 mines 33 obelisks 24 extras 12 state 2b031821
map CAMP1.CMP: towns 5 castles 4 mines 12 obelisks 2 extras 12 state c9b6c150
map CAMP2.CMP: towns 12 castles 4 mines 33 obelisks 16 extras 51 state 1a9bc051
map CAMP3.CMP: towns 13 castles 4 mines 30 obelisks 24 extras 77 state 24aa8087
map CAMP4.CMP: towns 18 castles 4 mines 36 obelisks 24 extras 3 state 2bd57449
map CAMP5.CMP: towns 10 castles 4 mines 18 obelisks 4 extras 28 state 3b62cbd2
map CAMP6.CMP: towns 9 castles 4 mines 23 obelisks 4 extras 21 state 087b3b1a
map CAMP7.CMP: towns 11 castles 4 mines 28 obelisks 4 extras 43 state 8bc1c1ba
map CAMP8.CMP: towns 8 castles 4 mines 21 obelisks 8 extras 39 state 9dfa9631
map CAMP9.CMP: towns 10 castles 4 mines 35 obelisks 24 extras 10 state d04bf56c
map CNM51234.MAP: towns 11 castles 4 mines 32 obelisks 24 extras 22 state ae84c6f6
map DNL31234.MAP: towns 13 castles 4 mines 35 obelisks 24 extras 21 state 96da27a4
map ENS11234.MAP: towns 6 castles 4 mines 17 obelisks 12 extras 0 state cf0ceb6f
map FEL60234.MAP: towns 15 castles 4 mines 34 obelisks 24 extras 12 state 5451ef47
map GHM41000.MAP: towns 7 castles 4 mines 28 obelisks 16 extras 12 state 5229729f
map HNM11234.MAP: towns 10 castles 4 mines 30 obelisks 24 extras 4 state c1967a24
map INM61234.MAP: towns 12 castles 4 mines 31 obelisks 16 extras 20 state c2a1d4a6
map JEM70234.MAP: towns 8 castles 4 mines 19 obelisks 16 extras 14 state b1b15ecb
map KNS21234.MAP: towns 8 castles 4 mines 17 obelisks 12 extras 13 state 00a09065
map LNS41234.MAP: towns 6 castles 4 mines 18 obelisks 12 extras 9 state c1857083
map MIS71200.MAP: towns 4 castles 4 mines 17 obelisks 12 extras 6 state d39db584
map NHL51000.MAP: towns 13 castles 4 mines 34 obelisks 24 extras 30 state 329f635a
map ONL71234.MAP: towns 13 castles 4 mines 30 obelisks 24 extras 15 state 7a99dde2
map PNM31234.MAP: towns 10 castles 4 mines 27 obelisks 16 extras 13 state 5e3d8769
map QNL11234.MAP: towns 15 castles 4 mines 34 obelisks 24 extras 21 state 6dc5263f
map RNL41234.MAP: towns 12 castles 4 mines 30 obelisks 24 extras 14 state c476d7d0
map SEL21234.MAP: towns 12 castles 4 mines 33 obelisks 24 extras 34 state 8213b45d
map THS51000.MAP: towns 6 castles 4 mines 19 obelisks 16 extras 13 state e5c3247e
map UHS61200.MAP: towns 5 castles 4 mines 18 obelisks 6 extras 22 state 8f3fa3b0
map VILV1234.MAP: towns 9 castles 4 mines 17 obelisks 18 extras 9 state 63305568
map W95A1234.MAP: towns 8 castles 4 mines 22 obelisks 8 extras 14 state d511a566
map W95B1234.MAP: towns 6 castles 4 mines 16 obelisks 1 extras 7 state f22e8298
map W95C1234.MAP: towns 8 castles 4 mines 19 obelisks 12 extras 91 state 7fc05812
map W95D1234.MAP: towns 7 castles 4 mines 24 obelisks 19 extras 18 state d2aad600
map W95E1000.MAP: towns 20 castles 12 mines 32 obelisks 8 extras 38 state 3918d781
map W95F1234.MAP: towns 11 castles 4 mines 28 obelisks 16 extras 57 state 30f4cf58
map W95G1234.MAP: towns 9 castles 4 mines 18 obelisks 24 extras 19 state ec6bfa41
map W95H1234.MAP: towns 9 castles 4 mines 18 obelisks 19 extras 16 state 46da3478
map W95I1234.MAP: towns 7 castles 4 mines 18 obelisks 12 extras 8 state da06b0ac
map W95J1234.MAP: towns 6 castles 4 mines 13 obelisks 8 extras 7 state 620d2dd9
map W95K1234.MAP: towns 12 castles 4 mines 28 obelisks 40 extras 33 state 85ac38bf
map W95L1234.MAP: towns 4 castles 4 mines 15 obelisks 8 extras 14 state 0f88b5c5
map W95M1234.MAP: towns 15 castles 4 mines 30 obelisks 15 extras 21 state ade5d61c
map W95N1234.MAP: towns 8 castles 4 mines 16 obelisks 16 extras 9 state 47b3a3d2
map W95O1234.MAP: towns 22 castles 4 mines 35 obelisks 17 extras 28 state 6b3fc193
map W95P1234.MAP: towns 8 castles 4 mines 20 obelisks 16 extras 72 state 9247d6be
